[Map]
image=_15_Solar System.bmp
wrap=no
scroll=none
warn=no
author=_MIKE CRUSH_

[Continents]

SUN=2

MERCURY=1
VENUS=1
EARTH=1
MARS=1
JUPITER=2
SATURN=2
URANUS=1
NEPTUNE=1
PLUTO=0

[Territories]

Sun1,83,81,SUN,Sun2,Sun3,Sun4,Sun5,Mercury1
Sun2,85,196,SUN,Sun1,Sun3,Sun4,Sun5,Mercury2,Venus1
Sun3,79,293,SUN,Sun1,Sun2,Sun4,Sun5
Sun4,65,422,SUN,Sun1,Sun2,Sun3,Sun5
Sun5,29,535,SUN,Sun1,Sun2,Sun3,Sun4,Venus3,Earth2

Mercury1,224,126,MERCURY,Mercury2,Mercury3,Sun1,Jupiter1
Mercury2,200,153,MERCURY,Mercury1,Mercury3,Sun2,Venus1
Mercury3,238,156,MERCURY,Mercury1,Mercury2

Venus1,242,278,VENUS,Venus2,Venus3,Venus4,Mercury2,Sun2
Venus2,287,292,VENUS,Venus1,Venus3,Venus4,Jupiter4,Mars1
Venus3,235,323,VENUS,Venus1,Venus2,Venus4,Earth2,Sun5
Venus4,273,337,VENUS,Venus1,Venus2,Venus3

Earth1,297,479,EARTH,Earth2,Earth3,Earth4,Mars2
Earth2,266,520,EARTH,Earth1,Earth3,Earth4,Venus3,Sun5
Earth3,343,509,EARTH,Earth1,Earth2,Earth4,Pluto2
Earth4,315,561,EARTH,Earth1,Earth2,Earth3

Mars1,432,362,MARS,Mars2,Mars3,Mars4,Venus2,Jupiter4
Mars2,394,384,MARS,Mars1,Mars3,Mars4,Earth1
Mars3,425,407,MARS,Mars1,Mars2,Mars4
Mars4,455,390,MARS,Mars1,Mars2,Mars3,Saturn2

Jupiter1,458,139,JUPITER,Jupiter2,Jupiter3,Jupiter4,Jupiter5,Mercury1
Jupiter2,537,143,JUPITER,Jupiter1,Jupiter3,Jupiter4,Jupiter5,Uranus1
Jupiter3,495,172,JUPITER,Jupiter1,Jupiter2,Jupiter4,Jupiter5
Jupiter4,443,214,JUPITER,Jupiter1,Jupiter2,Jupiter3,Jupiter5,Venus2,Mars1
Jupiter5,524,221,JUPITER,Jupiter1,Jupiter2,Jupiter3,Jupiter4,Saturn1,Uranus3

Saturn1,630,412,SATURN,Saturn2,Saturn3,Saturn4,Jupiter5,Uranus3
Saturn2,582,468,SATURN,Saturn1,Saturn3,Saturn4,Mars4
Saturn3,670,465,SATURN,Saturn1,Saturn2,Saturn4,Neptune3,Pluto1
Saturn4,610,502,SATURN,Saturn1,Saturn2,Saturn3

Uranus1,704,121,URANUS,Uranus2,Uranus3,Uranus4,Jupiter2
Uranus2,763,131,URANUS,Uranus1,Uranus3,Uranus4,Neptune2
Uranus3,706,178,URANUS,Uranus1,Uranus2,Uranus4,Jupiter5,Saturn1
Uranus4,756,183,URANUS,Uranus1,Uranus2,Uranus3

Neptune1,788,309,NEPTUNE,Neptune2,Neptune3,Neptune4
Neptune2,844,323,NEPTUNE,Neptune1,Neptune3,Neptune4,Uranus2,Pluto1
Neptune3,775,357,NEPTUNE,Neptune1,Neptune2,Neptune4,Saturn3
Neptune4,816,383,NEPTUNE,Neptune1,Neptune2,Neptune3

Pluto1,866,512,PLUTO,Pluto2,Saturn3,Neptune2
Pluto2,866,529,PLUTO,Pluto1,Earth3



