[Map]
author=Rustin Terry
image=South America.bmp
wrap=no
scroll=no
warn=no

[Continents]
Central America=1
The Highlands=2
The Andes=3
The Amazon=4


[Territories]
Nicaragua,190,13,Central America,Costa Rica
Costa Rica,231,42,Central America,Nicaragua,Panama
Panama,288,46,Central America,Costa Rica,Columbia

Columbia,355,80,The Highlands,Panama,Venezuela,Brazil,Peru,Ecuador
Venezuela,432,51,The Highlands,Columbia,Guyana,Brazil
Ecuador,302,125,The Highlands,Columbia,Peru
Peru,341,189,The Highlands,Ecuador,Brazil,Bolivia,Chile,Galapagos Island,Columbia
Galapagos Island,195,227,The Highlands,Peru

Guyana,495,67,The Amazon,Venezuela,Suriname,Brazil
Suriname,525,79,The Amazon,Guyana,French Guiana
French Guiana,551,79,The Amazon,Suriname,Brazil
Brazil,569,187,The Amazon,Guyana,Suriname,French Guiana,Uruguay,Paraguay,Bolivia,Peru,Columbia,Venezuela
Uruguay,555,371,The Amazon,Brazil,Argentina

Bolivia,445,245,The Andes,Peru,Brazil,Paraguay,Argentina,Chile
Paraguay,509,289,The Andes,Bolivia,Brazil,Argentina
Argentina,473,363,The Andes,Chile,Bolivia,Paraguay,Uruguay,Falkland Island
Falkland Island,555,477,The Andes,Argentina
Chile,411,311,The Andes,Peru,Bolivia,Argentina,Islas Juan
Islas Juan,369,461,The Andes,Chile


